// Vitest Snapshot v1, https://vitest.dev/guide/snapshot.html

exports[`Regression: DashboardCanvas markup snapshot > matches the last known-good render 1`] = `"<div><ul role="tablist"><li><button role="tab" aria-selected="true">P1</button></li></ul><div style="position: relative; width: 800px; height: 600px; border: 1px solid rgb(221, 221, 221);"></div></div>"`;
